

python : Traceback (most rece
nt call last):
所在位置 行:1 字符: 1
+ python test_full_inference.
py > test_output.txt 2>&1
+ ~~~~~~~~~~~~~~~~~~~~~~~~~~~
~~~~~~~~~~~~~~~~~~~~~~~~~
    + CategoryInfo           
   : NotSpecified: (Traceba  
  ck (most recent call las   
 t)::String) [], RemoteEx    
ception
    + FullyQualifiedErrorId  
   : NativeCommandError
 
  File "C:\Users\Administrato
r\Documents\spaces1\test_full
_inference.py", line 282, in 
<module>
    main()
  File "C:\Users\Administrato
r\Documents\spaces1\test_full
_inference.py", line 264, in 
main
    print("\U0001f680 推理结果文件传
输完整测试")
UnicodeEncodeError: 'gbk' cod
ec can't encode character '\U
0001f680' in position 0: ille
gal multibyte sequence
